11:49:03 **** Incremental Build of configuration Debug for project prueba_uart ****
make -j8 all 
arm-none-eabi-gcc "../Core/Src/main.c" -mcpu=cortex-m4 -std=gnu11 -g3 -DDEBUG -DUSE_HAL_DRIVER -DSTM32F401xE -c -I../Core/Inc -I../Drivers/STM32F4xx_HAL_Driver/Inc -I../Drivers/STM32F4xx_HAL_Driver/Inc/Legacy -I../Drivers/CMSIS/Device/ST/STM32F4xx/Include -I../Drivers/CMSIS/Include -O0 -ffunction-sections -fdata-sections -Wall -fstack-usage -fcyclomatic-complexity -MMD -MP -MF"Core/Src/main.d" -MT"Core/Src/main.o" --specs=nano.specs -mfpu=fpv4-sp-d16 -mfloat-abi=hard -mthumb -o "Core/Src/main.o"
arm-none-eabi-gcc -o "prueba_uart.elf" @"objects.list"   -mcpu=cortex-m4 -T"/home/joseheri24/STM32CubeIDE/Workspace_tutorial/prueba_uart/STM32F401RETX_FLASH.ld" --specs=nosys.specs -Wl,-Map="prueba_uart.map" -Wl,--gc-sections -static --specs=nano.specs -mfpu=fpv4-sp-d16 -mfloat-abi=hard -mthumb -Wl,--start-group -lc -lm -Wl,--end-group
Finished building target: prueba_uart.elf
 
arm-none-eabi-size   prueba_uart.elf 
arm-none-eabi-objdump -h -S  prueba_uart.elf  > "prueba_uart.list"
   text	   data	    bss	    dec	    hex	filename
  10516	     20	   1644	  12180	   2f94	prueba_uart.elf
Finished building: default.size.stdout
 
Finished building: prueba_uart.list
 

11:49:05 Build Finished. 0 errors, 0 warnings. (took 2s.76ms)

